// Jest Snapshot v1, https://goo.gl/fbAQLP

exports[`Test render page Render 1`] = `
Object {
  "asFragment": [Function],
  "baseElement": <body>
    <div>
      <div
        class="dragon-container container"
      >
        <img
          alt=""
          class="dragon-container-img"
          src="https://i.imgur.com/9fWdwNv.jpg"
        />
        <div
          class="dragon-info"
        >
          <h2
            class="dragon-info-title"
          >
            Dragon 1
          </h2>
          <span
            class="dragon-info-span"
          >
            capsule
          </span>
          <p
            class="dragon-info-description"
          >
            Dragon is a reusable spacecraft developed by SpaceX, an American private space transportation company based in Hawthorne, California. Dragon is launched into space by the SpaceX Falcon 9 two-stage-to-orbit launch vehicle. The Dragon spacecraft was originally designed for human travel, but so far has only been used to deliver cargo to the International Space Station (ISS).
          </p>
          <button
            class="dragon-info-button dragon-reserve"
            id="dragon1"
            type="button"
          >
            Reserve Dragon
          </button>
        </div>
      </div>
      <div
        class="dragon-container container"
      >
        <img
          alt=""
          class="dragon-container-img"
          src="https://farm8.staticflickr.com/7647/16581815487_6d56cb32e1_b.jpg"
        />
        <div
          class="dragon-info"
        >
          <h2
            class="dragon-info-title"
          >
            Dragon 2
          </h2>
          <span
            class="dragon-info-span"
          >
            capsule
          </span>
          <p
            class="dragon-info-description"
          >
            Dragon 2 (also Crew Dragon, Dragon V2, or formerly DragonRider) is the second version of the SpaceX Dragon spacecraft, which will be a human-rated vehicle. It includes a set of four side-mounted thruster pods with two SuperDraco engines each, which can serve as a launch escape system or launch abort system (LAS). In addition, it has much larger windows, new flight computers and avionics, and redesigned solar arrays, and a modified outer mold line from the initial cargo Dragon that has been flying for several years.
          </p>
          <button
            class="dragon-info-button dragon-reserve"
            id="dragon2"
            type="button"
          >
            Reserve Dragon
          </button>
        </div>
      </div>
    </div>
  </body>,
  "container": <div>
    <div
      class="dragon-container container"
    >
      <img
        alt=""
        class="dragon-container-img"
        src="https://i.imgur.com/9fWdwNv.jpg"
      />
      <div
        class="dragon-info"
      >
        <h2
          class="dragon-info-title"
        >
          Dragon 1
        </h2>
        <span
          class="dragon-info-span"
        >
          capsule
        </span>
        <p
          class="dragon-info-description"
        >
          Dragon is a reusable spacecraft developed by SpaceX, an American private space transportation company based in Hawthorne, California. Dragon is launched into space by the SpaceX Falcon 9 two-stage-to-orbit launch vehicle. The Dragon spacecraft was originally designed for human travel, but so far has only been used to deliver cargo to the International Space Station (ISS).
        </p>
        <button
          class="dragon-info-button dragon-reserve"
          id="dragon1"
          type="button"
        >
          Reserve Dragon
        </button>
      </div>
    </div>
    <div
      class="dragon-container container"
    >
      <img
        alt=""
        class="dragon-container-img"
        src="https://farm8.staticflickr.com/7647/16581815487_6d56cb32e1_b.jpg"
      />
      <div
        class="dragon-info"
      >
        <h2
          class="dragon-info-title"
        >
          Dragon 2
        </h2>
        <span
          class="dragon-info-span"
        >
          capsule
        </span>
        <p
          class="dragon-info-description"
        >
          Dragon 2 (also Crew Dragon, Dragon V2, or formerly DragonRider) is the second version of the SpaceX Dragon spacecraft, which will be a human-rated vehicle. It includes a set of four side-mounted thruster pods with two SuperDraco engines each, which can serve as a launch escape system or launch abort system (LAS). In addition, it has much larger windows, new flight computers and avionics, and redesigned solar arrays, and a modified outer mold line from the initial cargo Dragon that has been flying for several years.
        </p>
        <button
          class="dragon-info-button dragon-reserve"
          id="dragon2"
          type="button"
        >
          Reserve Dragon
        </button>
      </div>
    </div>
  </div>,
  "debug": [Function],
  "findAllByAltText": [Function],
  "findAllByDisplayValue": [Function],
  "findAllByLabelText": [Function],
  "findAllByPlaceholderText": [Function],
  "findAllByRole": [Function],
  "findAllByTestId": [Function],
  "findAllByText": [Function],
  "findAllByTitle": [Function],
  "findByAltText": [Function],
  "findByDisplayValue": [Function],
  "findByLabelText": [Function],
  "findByPlaceholderText": [Function],
  "findByRole": [Function],
  "findByTestId": [Function],
  "findByText": [Function],
  "findByTitle": [Function],
  "getAllByAltText": [Function],
  "getAllByDisplayValue": [Function],
  "getAllByLabelText": [Function],
  "getAllByPlaceholderText": [Function],
  "getAllByRole": [Function],
  "getAllByTestId": [Function],
  "getAllByText": [Function],
  "getAllByTitle": [Function],
  "getByAltText": [Function],
  "getByDisplayValue": [Function],
  "getByLabelText": [Function],
  "getByPlaceholderText": [Function],
  "getByRole": [Function],
  "getByTestId": [Function],
  "getByText": [Function],
  "getByTitle": [Function],
  "queryAllByAltText": [Function],
  "queryAllByDisplayValue": [Function],
  "queryAllByLabelText": [Function],
  "queryAllByPlaceholderText": [Function],
  "queryAllByRole": [Function],
  "queryAllByTestId": [Function],
  "queryAllByText": [Function],
  "queryAllByTitle": [Function],
  "queryByAltText": [Function],
  "queryByDisplayValue": [Function],
  "queryByLabelText": [Function],
  "queryByPlaceholderText": [Function],
  "queryByRole": [Function],
  "queryByTestId": [Function],
  "queryByText": [Function],
  "queryByTitle": [Function],
  "rerender": [Function],
  "unmount": [Function],
}
`;
