// Jest Snapshot v1, https://goo.gl/fbAQLP

exports[`Test Rocket page Match Snapshot & render Rocket List 1`] = `null`;
